{
  "page": "#(page)",
  "per_page": "#(per_page)",
  "total": "#(total)",
  "total_pages": "#(total_pages)",
  "support": {
    "url": "https://contentcaddy.io?utm_source=reqres&utm_medium=json&utm_campaign=referral",
    "text": "Tired of writing endless social media content? Let Content Caddy generate it for you."
  }
}
